== GeneratedPluginRegistrant ==
package io.flutter.plugins;

import androidx.annotation.Keep;
import androidx.annotation.NonNull;
import io.flutter.Log;

import io.flutter.embedding.engine.FlutterEngine;

/**
 * Generated file. Do not edit.
 * This file is generated by the Flutter tool based on the
 * plugins that support the Android platform.
 */
@Keep
public final class GeneratedPluginRegistrant {
  private static final String TAG = "GeneratedPluginRegistrant";
  public static void registerWith(@NonNull FlutterEngine flutterEngine) {
    try {
      flutterEngine.getPlugins().add(new com.eyedeadevelopment.fluttertts.FlutterTtsPlugin());
    } catch (Exception e) {
      Log.e(TAG, "Error registering plugin flutter_tts, com.eyedeadevelopment.fluttertts.FlutterTtsPlugin", e);
    }
    try {
      flutterEngine.getPlugins().add(new com.github.dart_lang.jni.JniPlugin());
    } catch (Exception e) {
      Log.e(TAG, "Error registering plugin jni, com.github.dart_lang.jni.JniPlugin", e);
    }
    try {
      flutterEngine.getPlugins().add(new com.github.dart_lang.jni_flutter.JniFlutterPlugin());
    } catch (Exception e) {
      Log.e(TAG, "Error registering plugin jni_flutter, com.github.dart_lang.jni_flutter.JniFlutterPlugin", e);
    }
    try {
      flutterEngine.getPlugins().add(new dev.fluttercommunity.plus.packageinfo.PackageInfoPlugin());
    } catch (Exception e) {
      Log.e(TAG, "Error registering plugin package_info_plus, dev.fluttercommunity.plus.packageinfo.PackageInfoPlugin", e);
    }
    try {
      flutterEngine.getPlugins().add(new com.baseflow.permissionhandler.PermissionHandlerPlugin());
    } catch (Exception e) {
      Log.e(TAG, "Error registering plugin permission_handler_android, com.baseflow.permissionhandler.PermissionHandlerPlugin", e);
    }
    try {
      flutterEngine.getPlugins().add(new com.llfbandit.record.RecordPlugin());
    } catch (Exception e) {
      Log.e(TAG, "Error registering plugin record_android, com.llfbandit.record.RecordPlugin", e);
    }
    try {
      flutterEngine.getPlugins().add(new io.flutter.plugins.sharedpreferences.SharedPreferencesPlugin());
    } catch (Exception e) {
      Log.e(TAG, "Error registering plugin shared_preferences_android, io.flutter.plugins.sharedpreferences.SharedPreferencesPlugin", e);
    }
    try {
      flutterEngine.getPlugins().add(new dev.fluttercommunity.plus.wakelock.WakelockPlusPlugin());
    } catch (Exception e) {
      Log.e(TAG, "Error registering plugin wakelock_plus, dev.fluttercommunity.plus.wakelock.WakelockPlusPlugin", e);
    }
  }
}
== plugins ==
{"info":"This is a generated file; do not edit or check into version control.","plugins":{"ios":[{"name":"flutter_tts","path":"/home/runner/.pub-cache/hosted/pub.dev/flutter_tts-4.2.5/","native_build":true,"dependencies":[],"dev_dependency":false},{"name":"onnxruntime","path":"/home/runner/.pub-cache/hosted/pub.dev/onnxruntime-1.4.1/","native_build":true,"dependencies":[],"dev_dependency":false},{"name":"package_info_plus","path":"/home/runner/.pub-cache/hosted/pub.dev/package_info_plus-10.2.1/","native_build":true,"dependencies":[],"dev_dependency":false},{"name":"path_provider_foundation","path":"/home/runner/.pub-cache/hosted/pub.dev/path_provider_foundation-2.6.0/","native_build":false,"dependencies":[],"dev_dependency":false},{"name":"permission_handler_apple","path":"/home/runner/.pub-cache/hosted/pub.dev/permission_handler_apple-9.6.1/","native_build":true,"dependencies":[],"dev_dependency":false},{"name":"record_ios","path":"/home/runner/.pub-cache/hosted/pub.dev/record_ios-1.2.1/","native_build":true,"dependencies":[],"dev_dependency":false},{"name":"shared_preferences_foundation","path":"/home/runner/.pub-cache/hosted/pub.dev/shared_preferences_foundation-2.5.7/","shared_darwin_source":true,"native_build":true,"dependencies":[],"dev_dependency":false},{"name":"wakelock_plus","path":"/home/runner/.pub-cache/hosted/pub.dev/wakelock_plus-1.8.0/","native_build":true,"dependencies":["package_info_plus"],"dev_dependency":false},{"name":"whisper_ggml_plus","path":"/home/runner/work/travel-translator/travel-translator/third_party/whisper_ggml_plus/","native_build":true,"dependencies":[],"dev_dependency":false}],"android":[{"name":"flutter_tts","path":"/home/runner/.pub-cache/hosted/pub.dev/flutter_tts-4.2.5/","native_build":true,"dependencies":[],"dev_dependency":false},{"name":"jni","path":"/home/runner/.pub-cache/hosted/pub.dev/jni-1.0.3/","native_build":true,"dependencies":[],"dev_dependency":false},{"name":"jni_flutter","path":"/home/runner/.pub-cache/hosted/pub.dev/jni_flutter-1.0.3/","native_build":true,"dependencies":["jni"],"dev_dependency":false},{"name":"onnxruntime","path":"/home/runner/.pub-cache/hosted/pub.dev/onnxruntime-1.4.1/","native_build":true,"dependencies":[],"dev_dependency":false},{"name":"package_info_plus","path":"/home/runner/.pub-cache/hosted/pub.dev/package_info_plus-10.2.1/","native_build":true,"dependencies":[],"dev_dependency":false},{"name":"path_provider_android","path":"/home/runner/.pub-cache/hosted/pub.dev/path_provider_android-2.3.1/","native_build":false,"dependencies":["jni","jni_flutter"],"dev_dependency":false},{"name":"permission_handler_android","path":"/home/runner/.pub-cache/hosted/pub.dev/permission_handler_android-12.1.0/","native_build":true,"dependencies":[],"dev_dependency":false},{"name":"record_android","path":"/home/runner/.pub-cache/hosted/pub.dev/record_android-1.5.2/","native_build":true,"dependencies":[],"dev_dependency":false},{"name":"shared_preferences_android","path":"/home/runner/.pu
== pub deps (mlkit) ==
- flutter_tts 4.2.5 [flutter flutter_web_plugins]
- wakelock_plus 1.8.0 [flutter flutter_web_plugins meta wakelock_plus_platform_interface win32 dbus package_info_plus web]
- wakelock_plus_platform_interface 1.7.0 [flutter plugin_platform_interface meta]
